taskr · 17:30 · 2s                                                    2 need you
────────────────────────────────────────────────────────────────────────────────
» copilot-modular  12m  BLOCKING  → wN4:p1  lane failed
  Merge #4840 now or wait for M3?
! booked-vs-resolved  1h
  1. approve prod deploy of #4833  (+1 more)
────────────────────────────────────────────────────────────────────────────────
✗ mobile-screens/impl-tabs  failed 4m
  lint gate exit 1
⌛ orch-hns2: 3 waiting 31h
  reports ready to review
✗ planner-ui  lead gone 5m
  lead pane wN5:p1 is not in its host's agent list
────────────────────────────────────────────────────────────────────────────────
● planner-ui         3/5    2m   S4 merged
● copilot-modular    2/2    14m  M1 review ok
○ booked-vs-resolved 0/1    28m  
· 13 quiet (4 with backlog)
