17:30     2 need you
────────────────────
» checkout-redesign…
  Merge #104 now or…
» billing-fix  1h
  approve prod depl…
────────────────────
! setting…  lead bl…
  lint gate exit 1
⌛ lead-do…  idle ·…
  reports ready to …
────────────────────
● docs-site        …
● checkout-redesign…
○ billing-fix      …
· 13 quiet
