17:30     2 need you
────────────────────
» copilot-modular  …
  Merge #4840 now o…
» booked-vs-resolve…
  approve prod depl…
────────────────────
! mobile-screens  l…
  lint gate exit 1
⌛ orch-hns2: lead …
  reports ready to …
────────────────────
● planner-ui       …
● copilot-modular  …
○ booked-vs-resolve…
· 13 quiet
