taskr · 17:30 · cursor=69850 · ✓ no owner action
────────────────────────────────────────
● #11    o0  docs-site          3/5    2m   S4 merged
● #12    o0  checkout-redesign  2/2    14m  M1 review ok
○ #13    o0  billing-fix        0/1    28m
○ #14    o0  release-train      0/2    2h   tag v0.9.3
· 13 quiet
